c:\users\admin\downloads\00_장비_제어\공부 및 정리\codestruct\makeproject\libsln\libsln\debug\vc120.pdb
c:\users\admin\downloads\00_장비_제어\공부 및 정리\codestruct\makeproject\libsln\libsln\debug\vc120.idb
c:\users\admin\downloads\00_장비_제어\공부 및 정리\codestruct\makeproject\libsln\libsln\debug\gui.obj
c:\users\admin\downloads\00_장비_제어\공부 및 정리\codestruct\makeproject\libsln\libsln\debug\main.obj
c:\users\admin\downloads\00_장비_제어\공부 및 정리\codestruct\makeproject\libsln\libsln\debug\test.obj
c:\users\admin\downloads\00_장비_제어\공부 및 정리\codestruct\makeproject\libsln\libsln\debug\thread.obj
c:\users\admin\downloads\00_장비_제어\공부 및 정리\codestruct\makeproject\libsln\libsln\debug\ini.obj
c:\users\admin\downloads\00_장비_제어\공부 및 정리\codestruct\makeproject\libsln\libsln\debug\json.obj
c:\users\admin\downloads\00_장비_제어\공부 및 정리\codestruct\makeproject\libsln\libsln\debug\shm.obj
c:\users\admin\downloads\00_장비_제어\공부 및 정리\codestruct\makeproject\libsln\libsln\debug\xml.obj
c:\users\admin\downloads\00_장비_제어\공부 및 정리\codestruct\makeproject\libsln\debug\libsln.pdb
c:\users\admin\downloads\00_장비_제어\공부 및 정리\codestruct\makeproject\libsln\libsln\debug\libsln.tlog\cl.command.1.tlog
c:\users\admin\downloads\00_장비_제어\공부 및 정리\codestruct\makeproject\libsln\libsln\debug\libsln.tlog\cl.read.1.tlog
c:\users\admin\downloads\00_장비_제어\공부 및 정리\codestruct\makeproject\libsln\libsln\debug\libsln.tlog\cl.write.1.tlog
c:\users\admin\downloads\00_장비_제어\공부 및 정리\codestruct\makeproject\libsln\libsln\debug\libsln.tlog\link-cvtres.read.1.tlog
c:\users\admin\downloads\00_장비_제어\공부 및 정리\codestruct\makeproject\libsln\libsln\debug\libsln.tlog\link-cvtres.write.1.tlog
c:\users\admin\downloads\00_장비_제어\공부 및 정리\codestruct\makeproject\libsln\libsln\debug\libsln.tlog\link-rc.read.1.tlog
c:\users\admin\downloads\00_장비_제어\공부 및 정리\codestruct\makeproject\libsln\libsln\debug\libsln.tlog\link-rc.write.1.tlog
c:\users\admin\downloads\00_장비_제어\공부 및 정리\codestruct\makeproject\libsln\libsln\debug\libsln.tlog\link.command.1.tlog
c:\users\admin\downloads\00_장비_제어\공부 및 정리\codestruct\makeproject\libsln\libsln\debug\libsln.tlog\link.read.1.tlog
c:\users\admin\downloads\00_장비_제어\공부 및 정리\codestruct\makeproject\libsln\libsln\debug\libsln.tlog\link.write.1.tlog
